/Users/wchiu/Documents/GitHub/blt-skills/.venv-cltfork/lib/python3.9/site-packages/torch/cuda/__init__.py:63: FutureWarning: The pynvml package is deprecated. Please install nvidia-ml-py instead. If you did not install pynvml directly, please report this to the maintainers of the package that installed pynvml for you.
  import pynvml  # type: ignore[import]
/Users/wchiu/Documents/GitHub/blt-skills/.venv-cltfork/lib/python3.9/site-packages/urllib3/__init__.py:35: NotOpenSSLWarning: urllib3 v2 only supports OpenSSL 1.1.1+, currently the 'ssl' module is compiled with 'LibreSSL 2.8.3'. See: https://github.com/urllib3/urllib3/issues/3020
  warnings.warn(
ou_001 [19, 12, 11, 6, 17] [19, 12, 11, 7, 17] 让我们靠近美丽的善良感受分享快乐的时候
ou_002 [10, 9, 6, 6, 5] [11, 9, 6, 6, 5] 这是我们从未有过的体会
ou_003 [5, 7, 9, 7, 6] [5, 8, 10, 7, 6] 去自由寻找
ou_004 [2, 4, 4, 12, 12] [2, 4, 4, 12, 12] 徘徊
ou_005 [10, 10, 12, 8, 11] [10, 10, 12, 8, 12] 准备好了吗时间不倒转
ou_006 [8, 6, 8, 6, 8] [8, 6, 8, 6, 8] 美妙的声音多真挚
ou_007 [5, 8, 6, 2, 8] [6, 8, 6, 2, 9] 安慰我的不安
ou_008 [8, 7, 11, 7, 5] [8, 7, 11, 7, 5] 每雨滴都变成歌曲
ou_009 [10, 7, 9, 11, 15] [10, 8, 10, 11, 15] 当你计算错的时一加一
ou_010 [15, 16, 19, 19, 18] [15, 16, 19, 19, 18] 再不理解音乐也没有什么值得感慨
ou_011 [14, 7, 9, 8, 11] [14, 7, 10, 9, 11] 我想要去遗忘但我终究无法遗忘
ou_012 [8, 8, 11, 8, 10] [9, 8, 11, 9, 10] 我也尝试着忍受伤痛
ou_013 [10, 11, 12, 6, 11] [10, 11, 13, 6, 11] 静静盛开在菩萨面前的
ou_014 [9, 9, 14, 9, 10] [10, 10, 14, 9, 10] 走过小村不会有这家店
ou_015 [8, 8, 7, 12, 11] [9, 8, 7, 12, 11] 因为已经过了一千年
ou_016 [13, 11, 18, 10, 8] [13, 11, 18, 10, 8] 当他们每个人都已经把我遗忘
ou_017 [11, 18, 10, 8, 11] [11, 18, 10, 8, 12] 那沙漠的黄昏染红了过去
ou_018 [9, 14, 15, 14, 8] [10, 14, 15, 14, 9] 我曾为她耗尽我的年轻
ou_019 [7, 11, 7, 8, 13] [8, 11, 8, 8, 13] 我听说有一座虎穴
ou_020 [2, 3, 3, 2, 5] [2, 3, 3, 2, 5] 但若
ou_021 [6, 5, 7, 6, 8] [6, 5, 7, 6, 8] 你留在我身边
ou_022 [3, 8, 7, 4, 3] [3, 8, 7, 4, 3] 请安好
ou_023 [3, 7, 7, 8, 5] [3, 8, 7, 9, 5] 如馀晖
ou_024 [10, 7, 13, 7, 7] [10, 7, 13, 8, 7] 遇见了男孩就是美好的
ou_025 [14, 3, 4, 3, 3] [14, 3, 4, 3, 3] 你要好好把握机会不管什么时候
ou_026 [10, 8, 7, 8, 16] [10, 9, 7, 9, 17] 在互相拥挤的人群之外
ou_027 [6, 13, 12, 8, 7] [6, 13, 12, 9, 8] 我对你很喜欢
ou_028 [9, 10, 7, 6, 6] [10, 10, 7, 6, 6] 我会永远留在我的心里
ou_029 [16, 8, 9, 8, 9] [16, 9, 9, 8, 10] 十万个绵延的山脚下花儿朵朵开放着
ou_030 [11, 8, 11, 12, 8] [12, 9, 11, 12, 9] 你是最美丽的云朵在我心上
ou_031 [5, 5, 4, 4, 7] [5, 5, 4, 4, 8] 看这一点点
ou_032 [5, 6, 6, 6, 8] [5, 6, 6, 6, 9] 在茫茫夜色
ou_033 [6, 6, 6, 8, 8] [6, 6, 6, 9, 9] 星星点亮天空
ou_034 [5, 9, 6, 5, 9] [5, 10, 6, 5, 10] 说我爱你呜
ou_035 [12, 11, 9, 10, 9] [13, 11, 10, 11, 10] 你背行李箱从墙上拍张照片儿
ou_036 [13, 1, 3, 4, 5] [13, 1, 3, 4, 5] 是老板炒了我还是猫跑上一位
ou_037 [4, 3, 5, 12, 12] [4, 3, 5, 12, 12] 人行道里
ou_038 [3, 5, 12, 12, 5] [3, 5, 12, 12, 5] 的地点
ou_039 [10, 11, 11, 9, 17] [10, 12, 12, 10, 17] 我怎么办失去你的明天
ou_040 [4, 4, 9, 9, 8] [4, 4, 10, 10, 9] 该怎么办
ou_041 [9, 5, 11, 12, 20] [9, 5, 12, 12, 20] 能否再说一次就这样
ou_042 [7, 8, 9, 9, 16] [8, 9, 9, 9, 17] 我们却发现太晚了
ou_043 [11, 13, 12, 7, 9] [11, 13, 12, 7, 10] 再长的路和蛤蟆一样丑的
ou_044 [7, 12, 4, 6, 9] [7, 13, 4, 7, 10] 想你一整个晚上
ou_045 [14, 19, 13, 15, 13] [14, 19, 13, 15, 13] 又过了那么多肤浅的美好的时间
ou_046 [19, 7, 15, 18, 10] [19, 7, 16, 18, 10] 这一个刻骨的世界让异乡经历了太多的艰难
ou_047 [10, 10, 14, 6, 7] [11, 11, 14, 6, 8] 然而黑白思绪都臣服自己
ou_048 [4, 5, 8, 4, 6] [4, 5, 9, 4, 6] 我要换掉
ou_049 [17, 11, 15, 14, 18] [17, 11, 15, 14, 18] 你搬进我颓废的家不出门几天头也不回
ou_050 [19, 18, 22, 14, 19] [19, 18, 20, 15, 19] 比相爱还难我们都尝试你是国王我不是女王
ou_051 [13, 12, 11, 13, 12] [13, 12, 12, 13, 12] 只可惜他们的空杯子坐在月光
ou_052 [10, 16, 13, 7, 15] [10, 16, 13, 8, 16] 月亮是河流浪漫的目光
ou_053 [7, 15, 11, 14, 8] [8, 16, 11, 14, 9] 那些花朵没有枯萎
ou_054 [10, 3, 11, 11, 10] [10, 3, 12, 12, 11] 凝视着千层千层的冰河
ou_055 [4, 4, 8, 4, 10] [4, 4, 8, 4, 10] 为你自满
ou_056 [5, 10, 8, 6, 6] [5, 11, 9, 6, 7] 你让我信念
ou_057 [9, 12, 8, 9, 9] [10, 12, 9, 9, 10] 你早知道约定没人在乎
ou_058 [7, 10, 9, 8, 11] [8, 10, 10, 9, 11] 我的手伸向天空的
ou_059 [10, 5, 8, 13, 4] [10, 6, 9, 14, 4] 她说着你呼唤我的话语
ou_060 [5, 8, 13, 4, 8] [6, 9, 14, 4, 9] 我们去游泳吧
ou_061 [13, 11, 9, 9, 12] [13, 11, 10, 9, 12] 你看的不真实知道的人不会讲
ou_062 [4, 5, 13, 4, 3] [4, 5, 13, 4, 3] 衫也不着
ou_063 [8, 7, 7, 15, 5] [9, 7, 7, 15, 5] 变成一场汹涌的浪潮
ou_064 [23, 27, 4, 5, 6] [20, 20, 4, 5, 7] 看你每个清晨和黑夜想把你每个表情都看清楚
ou_065 [6, 7, 11, 5, 11] [7, 8, 11, 5, 11] 我们之间好事情
ou_066 [10, 7, 9, 6, 9] [10, 7, 10, 6, 10] 有一个让你低头的时刻
ou_067 [4, 4, 6, 6, 5] [4, 4, 6, 7, 5] 千转百回
ou_068 [11, 13, 8, 2, 9] [11, 13, 8, 2, 10] 我拿粉红皮鞭都没有键琴
ou_069 [11, 7, 10, 7, 6] [11, 8, 11, 7, 6] 我听到从远方传来的声音
ou_070 [9, 13, 10, 8, 5] [10, 13, 10, 9, 5] 她想飞的时候给她翅膀
ou_071 [8, 10, 12, 12, 10] [9, 11, 13, 12, 10] 你将会永远在一起的
ou_072 [6, 13, 15, 14, 15] [6, 14, 15, 14, 15] 不做你的游戏
ou_073 [13, 13, 5, 8, 10] [13, 13, 5, 8, 11] 在你身上迷人的香水把我迷倒
ou_074 [9, 10, 11, 11, 10] [9, 11, 11, 12, 11] 为我也是你的心上人
ou_075 [4, 6, 6, 13, 9] [4, 6, 6, 14, 10] 你才后悔
ou_076 [3, 7, 10, 13, 7] [3, 7, 10, 13, 8] 我壳子
ou_077 [11, 10, 6, 5, 7] [11, 10, 6, 5, 7] 将受伤击倒后松开你的手
ou_078 [2, 8, 6, 5, 8] [2, 9, 6, 5, 8] 成长
ou_079 [4, 5, 6, 10, 14] [4, 5, 7, 10, 14] 动魄惊心
ou_080 [12, 5, 4, 13, 3] [12, 5, 4, 14, 3] 在原地看着你不知从何说起
ou_081 [3, 6, 6, 5, 5] [3, 6, 7, 5, 5] 你说你
ou_082 [5, 11, 8, 5, 5] [5, 11, 9, 5, 5] 你敢不敢想
ou_083 [4, 6, 4, 4, 4] [4, 7, 4, 4, 4] 我就好像
ou_084 [6, 8, 3, 4, 4] [7, 8, 3, 4, 4] 很难形容的温柔
ou_085 [5, 4, 4, 1, 6] [5, 4, 4, 1, 6] 她汗流满身
ou_086 [6, 3, 4, 12, 15] [6, 3, 4, 12, 15] 吃了肉骨一样
ou_087 [16, 14, 13, 8, 11] [16, 15, 13, 8, 11] 我想问你一些问题如果我们能坦白讲
ou_088 [8, 14, 2, 15, 4] [9, 15, 2, 15, 4] 你的牵挂要如何穿越
ou_089 [7, 8, 7, 8, 19] [8, 9, 7, 9, 19] 他会不会呕心沥血
ou_090 [14, 18, 11, 9, 10] [14, 18, 11, 10, 10] 在不再喧闹的街道上我望着月儿
ou_091 [6, 11, 10, 4, 9] [6, 12, 11, 4, 10] 你送来的花香
ou_092 [12, 9, 12, 12, 13] [12, 10, 12, 12, 13] 我只害怕我会爱上你的程度
ou_093 [6, 5, 5, 16, 8] [6, 5, 5, 16, 8] 不是爱不是憎
ou_094 [20, 7, 10, 11, 20] [20, 7, 10, 12, 20] 一天一月某一年我们在一起的时间像不像以前
ou_095 [5, 5, 6, 5, 4] [5, 5, 6, 5, 4] 死就是永恒
ou_096 [15, 4, 6, 6, 9] [15, 4, 6, 6, 10] 我从心底祝福你但我为何热泪盈眶
ou_097 [13, 12, 3, 10, 13] [13, 12, 3, 10, 13] 在一点一点达到我意识的界限
ou_098 [13, 7, 11, 11, 12] [13, 7, 11, 12, 13] 那友谊像方舟一样强大的承诺
ou_099 [9, 11, 2, 8, 8] [10, 11, 2, 9, 8] 看穿了你是我最好的人
ou_100 [10, 7, 16, 15, 5] [10, 7, 16, 15, 5] 只用我的感觉追逐而来
